21:55:51 **** Incremental Build of configuration Debug for project dual_core ****
make all 
make --no-print-directory pre-build
a9-linaro-pre-build-step
' '
make --no-print-directory main-build
'Building file: ../src/audio.c'
'Invoking: ARM v7 gcc compiler'
arm-none-eabi-gcc -Wall -O0 -g3 -c -fmessage-length=0 -MT"src/audio.o" -mcpu=cortex-a9 -mfpu=vfpv3 -mfloat-abi=hard -IC:/Users/khali/ENSC_452_git/ENSC_452/DUAL_CPU/dual_core_hw/export/dual_core_hw/sw/dual_core_hw/standalone_domain/bspinclude/include -MMD -MP -MF"src/audio.d" -MT"src/audio.o" -o "src/audio.o" "../src/audio.c"
'Finished building: ../src/audio.c'
' '
'Building target: dual_core.elf'
'Invoking: ARM v7 gcc linker'
arm-none-eabi-gcc -mcpu=cortex-a9 -mfpu=vfpv3 -mfloat-abi=hard -Wl,-build-id=none -specs=Xilinx.spec -Wl,-T -Wl,../src/lscript.ld -LC:/Users/khali/ENSC_452_git/ENSC_452/DUAL_CPU/dual_core_hw/export/dual_core_hw/sw/dual_core_hw/standalone_domain/bsplib/lib -o "dual_core.elf"  ./src/audio.o ./src/helloworld_0.o ./src/platform.o   -Wl,--start-group,-lxil,-lgcc,-lc,--end-group -Wl,--start-group,-lxilffs,-lxil,-lgcc,-lc,--end-group -Wl,--start-group,-lrsa,-lxil,-lgcc,-lc,--end-group
'Finished building target: dual_core.elf'
' '
'Invoking: ARM v7 Print Size'
arm-none-eabi-size dual_core.elf  |tee "dual_core.elf.size"
   text	   data	    bss	    dec	    hex	filename
 104788	   3460	400275648	400383896	17dd5f98	dual_core.elf
'Finished building: dual_core.elf.size'
' '

21:55:53 Build Finished (took 2s.226ms)

