12:22:27 **** Incremental Build of configuration Debug for project second_core ****
make all 
make --no-print-directory pre-build
a9-linaro-pre-build-step
' '
make --no-print-directory main-build
'Building file: ../src/game_logic.c'
'Invoking: ARM v7 gcc compiler'
arm-none-eabi-gcc -Wall -O0 -g3 -c -fmessage-length=0 -MT"src/game_logic.o" -mcpu=cortex-a9 -mfpu=vfpv3 -mfloat-abi=hard -IC:/Users/khali/ENSC_452_git/ENSC_452/DUAL_CPU/dual_core_hw/export/dual_core_hw/sw/dual_core_hw/dual_arm_zynq/bspinclude/include -MMD -MP -MF"src/game_logic.d" -MT"src/game_logic.o" -o "src/game_logic.o" "../src/game_logic.c"
'Finished building: ../src/game_logic.c'
' '
'Building target: second_core.elf'
'Invoking: ARM v7 gcc linker'
arm-none-eabi-gcc -mcpu=cortex-a9 -mfpu=vfpv3 -mfloat-abi=hard -Wl,-build-id=none -specs=Xilinx.spec -Wl,-T -Wl,../src/lscript.ld -LC:/Users/khali/ENSC_452_git/ENSC_452/DUAL_CPU/dual_core_hw/export/dual_core_hw/sw/dual_core_hw/dual_arm_zynq/bsplib/lib -o "second_core.elf"  ./src/game_logic.o ./src/gpu.o ./src/lfsr.o ./src/platform.o   -lm -Wl,--start-group,-lxil,-lgcc,-lc,--end-group -Wl,--start-group,-lxilffs,-lxil,-lgcc,-lc,--end-group -Wl,--start-group,-lrsa,-lxil,-lgcc,-lc,--end-group
'Finished building target: second_core.elf'
' '
'Invoking: ARM v7 Print Size'
arm-none-eabi-size second_core.elf  |tee "second_core.elf.size"
   text	   data	    bss	    dec	    hex	filename
  47532	   1968	  23000	  72500	  11b34	second_core.elf
'Finished building: second_core.elf.size'
' '

12:22:29 Build Finished (took 1s.783ms)

