#-----------------------------------------------------------
# Vivado v2020.2 (64-bit)
# SW Build 3064766 on Wed Nov 18 09:12:45 MST 2020
# IP Build 3064653 on Wed Nov 18 14:17:31 MST 2020
# Start of session at: Sun Feb 28 22:44:59 2021
# Process ID: 10964
# Current directory: C:/Users/khali/ENSC_452_git/ENSC_452/LFSR_Generator/lfsr_generator_vivado
# Command line: vivado.exe -gui_launcher_event rodinguilauncherevent2716 C:\Users\khali\ENSC_452_git\ENSC_452\LFSR_Generator\lfsr_generator_vivado\lfsr_generator_vivado.xpr
# Log file: C:/Users/khali/ENSC_452_git/ENSC_452/LFSR_Generator/lfsr_generator_vivado/vivado.log
# Journal file: C:/Users/khali/ENSC_452_git/ENSC_452/LFSR_Generator/lfsr_generator_vivado\vivado.jou
#-----------------------------------------------------------
start_gui
open_project C:/Users/khali/ENSC_452_git/ENSC_452/LFSR_Generator/lfsr_generator_vivado/lfsr_generator_vivado.xpr
update_compile_order -fileset sources_1
launch_simulation
source tb_lfsr.tcl
close_sim
launch_simulation
source tb_lfsr.tcl
current_wave_config {Untitled 2}
add_wave {{/tb_lfsr/o_lsfr}} 
add_bp {C:/Users/khali/ENSC_452_git/ENSC_452/LFSR_Generator/ip_sources/tb_lfsr_1.0/tb_lfsr.vhd} 29
remove_bps -file {C:/Users/khali/ENSC_452_git/ENSC_452/LFSR_Generator/ip_sources/tb_lfsr_1.0/tb_lfsr.vhd} -line 29
add_bp {C:/Users/khali/ENSC_452_git/ENSC_452/LFSR_Generator/ip_sources/tb_lfsr_1.0/tb_lfsr.vhd} 29
close_sim
launch_simulation
source tb_lfsr.tcl
remove_bps -file {C:/Users/khali/ENSC_452_git/ENSC_452/LFSR_Generator/ip_sources/tb_lfsr_1.0/tb_lfsr.vhd} -line 29
run all
run all
close_sim
launch_simulation
source tb_lfsr.tcl
close_sim
launch_simulation
source tb_lfsr.tcl
add_bp {C:/Users/khali/ENSC_452_git/ENSC_452/LFSR_Generator/ip_sources/lfsr_1.0/lfsr.vhd} 22
close_sim
launch_simulation
source tb_lfsr.tcl
remove_bps -file {C:/Users/khali/ENSC_452_git/ENSC_452/LFSR_Generator/ip_sources/lfsr_1.0/lfsr.vhd} -line 22
add_bp {C:/Users/khali/ENSC_452_git/ENSC_452/LFSR_Generator/ip_sources/lfsr_1.0/lfsr.vhd} 24
run all
add_bp {C:/Users/khali/ENSC_452_git/ENSC_452/LFSR_Generator/ip_sources/lfsr_1.0/lfsr.vhd} 25
add_bp {C:/Users/khali/ENSC_452_git/ENSC_452/LFSR_Generator/ip_sources/lfsr_1.0/lfsr.vhd} 26
add_bp {C:/Users/khali/ENSC_452_git/ENSC_452/LFSR_Generator/ip_sources/lfsr_1.0/lfsr.vhd} 27
add_bp {C:/Users/khali/ENSC_452_git/ENSC_452/LFSR_Generator/ip_sources/lfsr_1.0/lfsr.vhd} 28
add_bp {C:/Users/khali/ENSC_452_git/ENSC_452/LFSR_Generator/ip_sources/lfsr_1.0/lfsr.vhd} 29
add_bp {C:/Users/khali/ENSC_452_git/ENSC_452/LFSR_Generator/ip_sources/lfsr_1.0/lfsr.vhd} 30
add_bp {C:/Users/khali/ENSC_452_git/ENSC_452/LFSR_Generator/ip_sources/lfsr_1.0/lfsr.vhd} 31
add_bp {C:/Users/khali/ENSC_452_git/ENSC_452/LFSR_Generator/ip_sources/lfsr_1.0/lfsr.vhd} 32
add_bp {C:/Users/khali/ENSC_452_git/ENSC_452/LFSR_Generator/ip_sources/lfsr_1.0/lfsr.vhd} 33
add_bp {C:/Users/khali/ENSC_452_git/ENSC_452/LFSR_Generator/ip_sources/lfsr_1.0/lfsr.vhd} 34
run all
run all
run all
run all
close_sim
launch_simulation
launch_simulation
synth_design -rtl -rtl_skip_mlo -name rtl_1
launch_simulation
