17:32:53 **** Incremental Build of configuration Debug for project lfsr ****
make all 
make --no-print-directory pre-build
a9-linaro-pre-build-step
' '
make --no-print-directory main-build
'Building file: ../src/lfsr.c'
'Invoking: ARM v7 gcc compiler'
arm-none-eabi-gcc -Wall -O0 -g3 -c -fmessage-length=0 -MT"src/lfsr.o" -mcpu=cortex-a9 -mfpu=vfpv3 -mfloat-abi=hard -IC:/Users/khali/ENSC_452_git/ENSC_452/LFSR_Generator/LFSR_HW/export/LFSR_HW/sw/LFSR_HW/standalone_domain/bspinclude/include -MMD -MP -MF"src/lfsr.d" -MT"src/lfsr.o" -o "src/lfsr.o" "../src/lfsr.c"
'Finished building: ../src/lfsr.c'
' '
'Building file: ../src/platform.c'
'Invoking: ARM v7 gcc compiler'
arm-none-eabi-gcc -Wall -O0 -g3 -c -fmessage-length=0 -MT"src/platform.o" -mcpu=cortex-a9 -mfpu=vfpv3 -mfloat-abi=hard -IC:/Users/khali/ENSC_452_git/ENSC_452/LFSR_Generator/LFSR_HW/export/LFSR_HW/sw/LFSR_HW/standalone_domain/bspinclude/include -MMD -MP -MF"src/platform.d" -MT"src/platform.o" -o "src/platform.o" "../src/platform.c"
'Finished building: ../src/platform.c'
' '
'Building target: lfsr.elf'
'Invoking: ARM v7 gcc linker'
arm-none-eabi-gcc -mcpu=cortex-a9 -mfpu=vfpv3 -mfloat-abi=hard -Wl,-build-id=none -specs=Xilinx.spec -Wl,-T -Wl,../src/lscript.ld -LC:/Users/khali/ENSC_452_git/ENSC_452/LFSR_Generator/LFSR_HW/export/LFSR_HW/sw/LFSR_HW/standalone_domain/bsplib/lib -o "lfsr.elf"  ./src/lfsr.o ./src/platform.o   -Wl,--start-group,-lxil,-lgcc,-lc,--end-group
'Finished building target: lfsr.elf'
' '
'Invoking: ARM v7 Print Size'
arm-none-eabi-size lfsr.elf  |tee "lfsr.elf.size"
   text	   data	    bss	    dec	    hex	filename
  48828	   2548	  22640	  74016	  12120	lfsr.elf
'Finished building: lfsr.elf.size'
' '

17:32:55 Build Finished (took 1s.496ms)

