#-----------------------------------------------------------
# Vivado v2019.1 (64-bit)
# SW Build 2552052 on Fri May 24 14:49:42 MDT 2019
# IP Build 2548770 on Fri May 24 18:01:18 MDT 2019
# Start of session at: Thu Jan 30 23:21:13 2020
# Process ID: 14956
# Current directory: C:/Users/khali/ENSC_452/Project_modules/Audio/DMA_Audio
# Command line: vivado.exe -gui_launcher_event rodinguilauncherevent7120 C:\Users\khali\ENSC_452\Project_modules\Audio\DMA_Audio\DMA_Audio.xpr
# Log file: C:/Users/khali/ENSC_452/Project_modules/Audio/DMA_Audio/vivado.log
# Journal file: C:/Users/khali/ENSC_452/Project_modules/Audio/DMA_Audio\vivado.jou
#-----------------------------------------------------------
start_gui
open_project C:/Users/khali/ENSC_452/Project_modules/Audio/DMA_Audio/DMA_Audio.xpr
update_compile_order -fileset sources_1
open_bd_design {C:/Users/khali/ENSC_452/Project_modules/Audio/DMA_Audio/DMA_Audio.srcs/sources_1/bd/design_1/design_1.bd}
save_project_as Audio_Player_SD C:/Users/khali/ENSC_452/Project_modules/Audio/Audio_Player_SD -force
import_files
reset_run synth_1
reset_run design_1_processing_system7_0_0_synth_1
launch_runs impl_1 -to_step write_bitstream -jobs 4
wait_on_run impl_1
open_run impl_1
