Nothing to build in platform 'dma_audio_hw'

21:59:04 **** Incremental Build of configuration Debug for project dma_audio ****
make all 
make --no-print-directory pre-build
a9-linaro-pre-build-step
' '
make --no-print-directory main-build
'Building file: ../src/audio.c'
'Invoking: ARM v7 gcc compiler'
arm-none-eabi-gcc -Wall -O0 -g3 -c -fmessage-length=0 -MT"src/audio.o" -mcpu=cortex-a9 -mfpu=vfpv3 -mfloat-abi=hard -IC:/Users/khali/ENSC_452_git/ENSC_452/DMA_Audio/dma_audio_hw/export/dma_audio_hw/sw/dma_audio_hw/standalone_domain/bspinclude/include -MMD -MP -MF"src/audio.d" -MT"src/audio.o" -o "src/audio.o" "../src/audio.c"
'Finished building: ../src/audio.c'
' '
'Building target: dma_audio.elf'
'Invoking: ARM v7 gcc linker'
arm-none-eabi-gcc -mcpu=cortex-a9 -mfpu=vfpv3 -mfloat-abi=hard -Wl,-build-id=none -specs=Xilinx.spec -Wl,-T -Wl,../src/lscript.ld -LC:/Users/khali/ENSC_452_git/ENSC_452/DMA_Audio/dma_audio_hw/export/dma_audio_hw/sw/dma_audio_hw/standalone_domain/bsplib/lib -o "dma_audio.elf"  ./src/audio.o ./src/platform.o   -lm -Wl,--start-group,-lxil,-lgcc,-lc,--end-group -Wl,--start-group,-lxilffs,-lxil,-lgcc,-lc,--end-group
'Finished building target: dma_audio.elf'
' '
'Invoking: ARM v7 Print Size'
arm-none-eabi-size dma_audio.elf  |tee "dma_audio.elf.size"
   text	   data	    bss	    dec	    hex	filename
 101676	   3444	400268384	400373504	17dd3700	dma_audio.elf
'Finished building: dma_audio.elf.size'
' '
21:59:06 **** Incremental Build of configuration Debug for project dma_audio_system ****
make all 
Generating bif file for the system project
generate_system_bif.bat 52156 C:/Users/khali/ENSC_452_git/ENSC_452/DMA_Audio/dma_audio_hw/export/dma_audio_hw/dma_audio_hw.xpfm standalone_domain C:/Users/khali/ENSC_452_git/ENSC_452/DMA_Audio/dma_audio_system/Debug/system.bif
sdcard_gen --xpfm C:/Users/khali/ENSC_452_git/ENSC_452/DMA_Audio/dma_audio_hw/export/dma_audio_hw/dma_audio_hw.xpfm --sys_config dma_audio_hw --bif C:/Users/khali/ENSC_452_git/ENSC_452/DMA_Audio/dma_audio_system/Debug/system.bif --bitstream C:/Users/khali/ENSC_452_git/ENSC_452/DMA_Audio/dma_audio/_ide/bitstream/design_1_wrapper.bit --elf C:/Users/khali/ENSC_452_git/ENSC_452/DMA_Audio/dma_audio/Debug/dma_audio.elf,ps7_cortexa9_0
creating BOOT.BIN using C:/Users/khali/ENSC_452_git/ENSC_452/DMA_Audio/dma_audio/_ide/bitstream/design_1_wrapper.bit
Running C:/Xilinx/Vitis/2020.2/bin/bootgen  -image C:/Users/khali/ENSC_452_git/ENSC_452/DMA_Audio/dma_audio_system/Debug/sd_card_temp/boot.bif -w -o i BOOT.BIN
