21:33:52 **** Auto Build of configuration Debug for project SPIRxTx ****
make pre-build main-build 
a9-linaro-pre-build-step
' '
'Building file: ../src/helloworld.c'
'Invoking: ARM v7 gcc compiler'
arm-none-eabi-gcc -Wall -O0 -g3 -c -fmessage-length=0 -MT"src/helloworld.o" -mcpu=cortex-a9 -mfpu=vfpv3 -mfloat-abi=hard -I../../SPIRxTx_bsp/ps7_cortexa9_0/include -MMD -MP -MF"src/helloworld.d" -MT"src/helloworld.o" -o "src/helloworld.o" "../src/helloworld.c"
'Finished building: ../src/helloworld.c'
' '
'Building target: SPIRxTx.elf'
'Invoking: ARM v7 gcc linker'
arm-none-eabi-gcc -mcpu=cortex-a9 -mfpu=vfpv3 -mfloat-abi=hard -Wl,-build-id=none -specs=Xilinx.spec -Wl,-T -Wl,../src/lscript.ld -L../../SPIRxTx_bsp/ps7_cortexa9_0/lib -o "SPIRxTx.elf"  ./src/helloworld.o ./src/platform.o   -lm -Wl,--start-group,-lxil,-lgcc,-lc,--end-group
'Finished building target: SPIRxTx.elf'
' '
'Invoking: ARM v7 Print Size'
arm-none-eabi-size SPIRxTx.elf  |tee "SPIRxTx.elf.size"
   text	   data	    bss	    dec	    hex	filename
  37600	   2992	  22648	  63240	   f708	SPIRxTx.elf
'Finished building: SPIRxTx.elf.size'
' '

21:33:55 Build Finished (took 3s.230ms)

