#-----------------------------------------------------------
# Vivado v2019.1 (64-bit)
# SW Build 2552052 on Fri May 24 14:49:42 MDT 2019
# IP Build 2548770 on Fri May 24 18:01:18 MDT 2019
# Start of session at: Mon Feb 10 20:49:55 2020
# Process ID: 19232
# Current directory: C:/Users/khali/ENSC_452_git/ENSC_452/Audio/Working/Audio_Player_SD
# Command line: vivado.exe -gui_launcher_event rodinguilauncherevent19876 C:\Users\khali\ENSC_452_git\ENSC_452\Audio\Working\Audio_Player_SD\Audio_Player_SD.xpr
# Log file: C:/Users/khali/ENSC_452_git/ENSC_452/Audio/Working/Audio_Player_SD/vivado.log
# Journal file: C:/Users/khali/ENSC_452_git/ENSC_452/Audio/Working/Audio_Player_SD\vivado.jou
#-----------------------------------------------------------
start_gui
open_project C:/Users/khali/ENSC_452_git/ENSC_452/Audio/Working/Audio_Player_SD/Audio_Player_SD.xpr
update_compile_order -fileset sources_1
save_project_as volume_control C:/Users/khali/ENSC_452_git/ENSC_452/Audio/Experimental/volume_control -force
import_files
reset_run synth_1
launch_runs impl_1 -to_step write_bitstream -jobs 4
wait_on_run impl_1
open_run impl_1
file copy -force C:/Users/khali/ENSC_452_git/ENSC_452/Audio/Experimental/volume_control/volume_control.runs/impl_1/design_1_wrapper.sysdef C:/Users/khali/ENSC_452_git/ENSC_452/Audio/Experimental/volume_control/volume_control.sdk/design_1_wrapper.hdf

launch_sdk -workspace C:/Users/khali/ENSC_452_git/ENSC_452/Audio/Experimental/volume_control/volume_control.sdk -hwspec C:/Users/khali/ENSC_452_git/ENSC_452/Audio/Experimental/volume_control/volume_control.sdk/design_1_wrapper.hdf
launch_sdk -workspace C:/Users/khali/ENSC_452_git/ENSC_452/Audio/Experimental/volume_control/volume_control.sdk -hwspec C:/Users/khali/ENSC_452_git/ENSC_452/Audio/Experimental/volume_control/volume_control.sdk/design_1_wrapper.hdf
