#-----------------------------------------------------------
# Vivado v2019.1 (64-bit)
# SW Build 2552052 on Fri May 24 14:49:42 MDT 2019
# IP Build 2548770 on Fri May 24 18:01:18 MDT 2019
# Start of session at: Mon Feb  3 17:09:14 2020
# Process ID: 7992
# Current directory: U:/ENSC_452/Project_Modules/Audio/Audio_Player_SD
# Command line: vivado.exe -gui_launcher_event rodinguilauncherevent9776 U:\ENSC_452\Project_Modules\Audio\Audio_Player_SD\Audio_Player_SD.xpr
# Log file: U:/ENSC_452/Project_Modules/Audio/Audio_Player_SD/vivado.log
# Journal file: U:/ENSC_452/Project_Modules/Audio/Audio_Player_SD\vivado.jou
#-----------------------------------------------------------
start_gui
open_project U:/ENSC_452/Project_Modules/Audio/Audio_Player_SD/Audio_Player_SD.xpr
update_compile_order -fileset sources_1
open_bd_design {U:/ENSC_452/Project_Modules/Audio/Audio_Player_SD/Audio_Player_SD.srcs/sources_1/bd/design_1/design_1.bd}
reset_run synth_1
launch_runs impl_1 -to_step write_bitstream -jobs 8
wait_on_run impl_1
open_run impl_1
file copy -force U:/ENSC_452/Project_Modules/Audio/Audio_Player_SD/Audio_Player_SD.runs/impl_1/design_1_wrapper.sysdef U:/ENSC_452/Project_Modules/Audio/Audio_Player_SD/Audio_Player_SD.sdk/design_1_wrapper.hdf

launch_sdk -workspace U:/ENSC_452/Project_Modules/Audio/Audio_Player_SD/Audio_Player_SD.sdk -hwspec U:/ENSC_452/Project_Modules/Audio/Audio_Player_SD/Audio_Player_SD.sdk/design_1_wrapper.hdf
launch_sdk -workspace U:/ENSC_452/Project_Modules/Audio/Audio_Player_SD/Audio_Player_SD.sdk -hwspec U:/ENSC_452/Project_Modules/Audio/Audio_Player_SD/Audio_Player_SD.sdk/design_1_wrapper.hdf
launch_sdk -workspace U:/ENSC_452/Project_Modules/Audio/Audio_Player_SD/Audio_Player_SD.sdk -hwspec U:/ENSC_452/Project_Modules/Audio/Audio_Player_SD/Audio_Player_SD.sdk/design_1_wrapper.hdf
