23:46:17 **** Auto Build of configuration Debug for project volume_control ****
make pre-build main-build 
a9-linaro-pre-build-step
' '
'Building file: ../src/volume_control.c'
'Invoking: ARM v7 gcc compiler'
arm-none-eabi-gcc -Wall -O0 -g3 -c -fmessage-length=0 -MT"src/volume_control.o" -mcpu=cortex-a9 -mfpu=vfpv3 -mfloat-abi=hard -I../../volume_control_bsp/ps7_cortexa9_0/include -MMD -MP -MF"src/volume_control.d" -MT"src/volume_control.o" -o "src/volume_control.o" "../src/volume_control.c"
'Finished building: ../src/volume_control.c'
' '
'Building target: volume_control.elf'
'Invoking: ARM v7 gcc linker'
arm-none-eabi-gcc -mcpu=cortex-a9 -mfpu=vfpv3 -mfloat-abi=hard -Wl,-build-id=none -specs=Xilinx.spec -Wl,-T -Wl,../src/lscript.ld -L../../volume_control_bsp/ps7_cortexa9_0/lib -o "volume_control.elf"  ./src/platform.o ./src/volume_control.o   -Wl,--start-group,-lxil,-lgcc,-lc,--end-group -Wl,--start-group,-lxilffs,-lxil,-lgcc,-lc,--end-group
'Finished building target: volume_control.elf'
' '
'Invoking: ARM v7 Print Size'
arm-none-eabi-size volume_control.elf  |tee "volume_control.elf.size"
   text	   data	    bss	    dec	    hex	filename
 103660	   2712	 283680	 390052	  5f3a4	volume_control.elf
'Finished building: volume_control.elf.size'
' '

23:46:19 Build Finished (took 2s.231ms)

